Microsoft Windows [Version 10.0.16299.371]
(c) 2017 Microsoft Corporation. All rights reserved.

C:\Users\Robo>mysql -u root -p
Enter password:
Welcome to the MariaDB monitor.  Commands end with ; or \g.
Your MariaDB connection id is 2
Server version: 10.1.31-MariaDB mariadb.org binary distribution

Copyright (c) 2000, 2018, Oracle, MariaDB Corporation Ab and others.

Type 'help;' or '\h' for help. Type '\c' to clear the current input statement.

MariaDB [(none)]> use projectwater
Database changed
MariaDB [projectwater]> CREATE TABLE pipe_score (
    -> ;
ERROR 1064 (42000): You have an error in your SQL syntax; check the manual that corresponds to your MariaDB server version for the right syntax to use near '' at line 1
MariaDB [projectwater]> CREATE TABLE username (
    -> ID int NOT NULL AUTO_INCREMENT,
    -> username VARCHAR(255),
    -> PRIMARY KEY (ID));
Query OK, 0 rows affected (0.07 sec)

MariaDB [projectwater]> INSERT INTO username(username) VALUES ('Albert');
Query OK, 1 row affected (0.01 sec)

MariaDB [projectwater]> SELECT * FROM username;
+----+----------+
| ID | username |
+----+----------+
|  1 | Albert   |
+----+----------+
1 row in set (0.00 sec)

MariaDB [projectwater]> CREATE TABLE pipe_score (
    -> SCORE_ID int NOT NULL AUTO_INCREMENT,
    -> score int NOT NULL,
    -> PRIMARY KEY (SCORE_ID),
    -> FOREIGN KEY (username) REFERENCES username(username));
ERROR 1072 (42000): Key column 'username' doesn't exist in table
MariaDB [projectwater]> CREATE TABLE pipe_score (
    -> SCORE_ID int NOT NULL AUTO_INCREMENT,
    -> score int NOT NULL,
    -> username VARCHAR(255),
    -> PRIMARY KEY (SCORE_ID),
    -> FOREIGN KEY (username) references username(username));
ERROR 1005 (HY000): Can't create table `projectwater`.`pipe_score` (errno: 150 "Foreign key constraint is incorrectly formed")
MariaDB [projectwater]> DROP TABLE username;
Query OK, 0 rows affected (0.07 sec)

MariaDB [projectwater]> CREATE TABLE username (
    -> USER_ID int NOT NULL AUTO_INCREMENT,
    -> username VARCHAR(255),
    -> PRIMARY KEY (USER_ID));
Query OK, 0 rows affected (0.06 sec)

MariaDB [projectwater]> INSERT INTO username (username) VALUES ('Albutt');
Query OK, 1 row affected (0.01 sec)

MariaDB [projectwater]> SELECT * FROM username;
+---------+----------+
| USER_ID | username |
+---------+----------+
|       1 | Albutt   |
+---------+----------+
1 row in set (0.00 sec)

MariaDB [projectwater]> CREATE TABLE pipe_score (
    -> SCORE_ID int NOT NULL AUTO_INCREMENT,
    -> score int NOT NULL,
    -> username VARCHAR(255),
    -> PRIMARY KEY (SCORE_ID),
    -> FOREIGN KEY (username) references username(username)
    -> ;
ERROR 1064 (42000): You have an error in your SQL syntax; check the manual that corresponds to your MariaDB server version for the right syntax to use near '' at line 6
MariaDB [projectwater]> CREATE TABLE pipe_score (
    -> SCORE_ID int NOT NULL AUTO_INCREMENT,
    -> score int NOT NULL,
    -> USER_ID int,
    -> PRIMARY KEY (SCORE_ID),
    -> FOREIGN KEY (USER_ID) REFERENCES username(USER_ID));
Query OK, 0 rows affected (0.09 sec)

MariaDB [projectwater]> INSERT INTO pipe_score (score,USER_ID) VALUES (100,SELECT USER_ID FROM username WHERE username='Albutt'))
    -> ;
ERROR 1064 (42000): You have an error in your SQL syntax; check the manual that corresponds to your MariaDB server version for the right syntax to use near 'SELECT USER_ID FROM username WHERE username='Albutt'))' at line 1
MariaDB [projectwater]> INSERT INTO pipe_score (score,USER_ID) VALUES (100, (SELECT USER_ID FROM username WHERE username='Albutt'))
    -> ;
Query OK, 1 row affected (0.01 sec)

MariaDB [projectwater]> SELECT * FROM pipe_score
    -> ;
+----------+-------+---------+
| SCORE_ID | score | USER_ID |
+----------+-------+---------+
|        1 |   100 |       1 |
+----------+-------+---------+
1 row in set (0.00 sec)

MariaDB [projectwater]> INSERT INTO pipe_score (score,USER_ID) VALUES (150, (SELECT USER_ID FROM username WHERE username='Albutt')) ;
Query OK, 1 row affected (0.01 sec)

MariaDB [projectwater]> INSERT INTO pipe_score (score,USER_ID) VALUES (50, (SELECT USER_ID FROM username WHERE username='Albutt')) ;
Query OK, 1 row affected (0.01 sec)

MariaDB [projectwater]> INSERT INTO pipe_score (score,USER_ID) VALUES (350, (SELECT USER_ID FROM username WHERE username='Albutt')) ;
Query OK, 1 row affected (0.01 sec)

MariaDB [projectwater]> INSERT INTO pipe_score (score,USER_ID) VALUES (550, (SELECT USER_ID FROM username WHERE username='Albutt')) ;
Query OK, 1 row affected (0.01 sec)

MariaDB [projectwater]> INSERT INTO pipe_score (score,USER_ID) VALUES (750, (SELECT USER_ID FROM username WHERE username='Albutt')) ;
Query OK, 1 row affected (0.01 sec)

MariaDB [projectwater]> INSERT INTO pipe_score (score,USER_ID) VALUES (10, (SELECT USER_ID FROM username WHERE username='Albutt')) ;
Query OK, 1 row affected (0.01 sec)

MariaDB [projectwater]> INSERT INTO pipe_score (score,USER_ID) VALUES (20, (SELECT USER_ID FROM username WHERE username='Albutt')) ;
Query OK, 1 row affected (0.01 sec)

MariaDB [projectwater]> INSERT INTO pipe_score (score,USER_ID) VALUES (20, (S
    -> ;
ERROR 1064 (42000): You have an error in your SQL syntax; check the manual that corresponds to your MariaDB server version for the right syntax to use near '' at line 1
MariaDB [projectwater]> SELECT * FROM pipe_score;
+----------+-------+---------+
| SCORE_ID | score | USER_ID |
+----------+-------+---------+
|        1 |   100 |       1 |
|        2 |   150 |       1 |
|        3 |    50 |       1 |
|        4 |   350 |       1 |
|        5 |   550 |       1 |
|        6 |   750 |       1 |
|        7 |    10 |       1 |
|        8 |    20 |       1 |
+----------+-------+---------+
8 rows in set (0.00 sec)

MariaDB [projectwater]> SELECT username.username, pipe_score.score FROM  pipe_score INNERJOIN username ON pipe_score.USER_ID=username.USER_ID;
ERROR 1064 (42000): You have an error in your SQL syntax; check the manual that corresponds to your MariaDB server version for the right syntax to use near 'username ON pipe_score.USER_ID=username.USER_ID' at line 1
MariaDB [projectwater]> SELECT username.username, pipe_score.score FROM  pipe_score INNER JOIN username ON pipe_score.USER_ID=username.USER_ID;
+----------+-------+
| username | score |
+----------+-------+
| Albutt   |   100 |
| Albutt   |   150 |
| Albutt   |    50 |
| Albutt   |   350 |
| Albutt   |   550 |
| Albutt   |   750 |
| Albutt   |    10 |
| Albutt   |    20 |
+----------+-------+
8 rows in set (0.16 sec)

MariaDB [projectwater]> SELECT username.username, pipe_score.score FROM  pipe_score INNER JOIN username ON pipe_score.USER_ID=username.USER_ID ORDER BY score ASC;
+----------+-------+
| username | score |
+----------+-------+
| Albutt   |    10 |
| Albutt   |    20 |
| Albutt   |    50 |
| Albutt   |   100 |
| Albutt   |   150 |
| Albutt   |   350 |
| Albutt   |   550 |
| Albutt   |   750 |
+----------+-------+
8 rows in set (0.00 sec)

MariaDB [projectwater]> SELECT username.username, pipe_score.score FROM  pipe_score INNER JOIN username ON pipe_score.USER_ID=username.USER_ID ORDER BY score DESC;
+----------+-------+
| username | score |
+----------+-------+
| Albutt   |   750 |
| Albutt   |   550 |
| Albutt   |   350 |
| Albutt   |   150 |
| Albutt   |   100 |
| Albutt   |    50 |
| Albutt   |    20 |
| Albutt   |    10 |
+----------+-------+
8 rows in set (0.00 sec)

MariaDB [projectwater]> CREATE TABLE shooter_score (
    -> SCORE_ID int NOT NULL AUTO_INCREMENT,
    -> score int,
    -> USER_ID int,
    -> PRIMARY KEY (SCORE_ID),
    -> FOREIGN KEY (USER_ID) REFERENCES username(USER_ID));
Query OK, 0 rows affected (0.07 sec)

MariaDB [projectwater]> INSERT INTO shooter_score (score, USER_ID) VALUES (123, (SELECT USER_ID FROM username WHERE username='Albutt'));
Query OK, 1 row affected (0.01 sec)

MariaDB [projectwater]> INSERT INTO shooter_score (score, USER_ID) VALUES (123, adfasdfdasfsfa34324(SELECT USER_ID FROM username WHERE username='Albutt'));
ERROR 1064 (42000): You have an error in your SQL syntax; check the manual that corresponds to your MariaDB server version for the right syntax to use near 'SELECT USER_ID FROM username WHERE username='Albutt'))' at line 1
MariaDB [projectwater]> SELECT * FROM username
    -> ;
+---------+----------+
| USER_ID | username |
+---------+----------+
|       1 | Albutt   |
+---------+----------+
1 row in set (0.00 sec)

MariaDB [projectwater]> INSERT INTO username (username) VALUES ('Albert');
Query OK, 1 row affected (0.01 sec)

MariaDB [projectwater]> INSERT INTO username (username) VALUES ('Alby');
Query OK, 1 row affected (0.01 sec)

MariaDB [projectwater]> INSERT INTO username (username) VALUES ('Albert');
Query OK, 1 row affected (0.01 sec)

MariaDB [projectwater]> SELECT * FROM username;
+---------+----------+
| USER_ID | username |
+---------+----------+
|       1 | Albutt   |
|       2 | Albert   |
|       3 | Alby     |
|       4 | Albert   |
+---------+----------+
4 rows in set (0.00 sec)

MariaDB [projectwater]> INSERT INTO shooter_score (score, USER_ID) VALUES (1337, adfasdfdasfsfa34324(SELECT USER_ID FROM username WHERE username='Albert'));
ERROR 1064 (42000): You have an error in your SQL syntax; check the manual that corresponds to your MariaDB server version for the right syntax to use near 'SELECT USER_ID FROM username WHERE username='Albert'))' at line 1
MariaDB [projectwater]> INSERT INTO shooter_score (score, USER_ID) VALUES (1337, (SELECT USER_ID FROM username WHERE username='Albert'));
ERROR 1242 (21000): Subquery returns more than 1 row
MariaDB [projectwater]> DELETE FROM username WHERE USER_ID=4;
Query OK, 1 row affected (0.01 sec)

MariaDB [projectwater]> INSERT INTO username (username) VALUES ('Alberta');
Query OK, 1 row affected (0.01 sec)

MariaDB [projectwater]> INSERT INTO shooter_score (score, USER_ID) VALUES (1337, (SELECT USER_ID FROM username WHERE username='Albert'));
Query OK, 1 row affected (0.01 sec)

MariaDB [projectwater]> INSERT INTO shooter_score (score, USER_ID) VALUES (444, (SELECT USER_ID FROM username WHERE username='Alberta'));
Query OK, 1 row affected (0.01 sec)

MariaDB [projectwater]> INSERT INTO shooter_score (score, USER_ID) VALUES (555, (SELECT USER_ID FROM username WHERE username='Alby'));
Query OK, 1 row affected (0.01 sec)

MariaDB [projectwater]> INSERT INTO shooter_score (score, USER_ID) VALUES (1336, (SELECT USER_ID FROM username WHERE username='Albert'));
Query OK, 1 row affected (0.01 sec)

MariaDB [projectwater]> SELECT * FROM shooter_score;
+----------+-------+---------+
| SCORE_ID | score | USER_ID |
+----------+-------+---------+
|        1 |   123 |       1 |
|        2 |  1337 |       2 |
|        3 |   444 |       5 |
|        4 |   555 |       3 |
|        5 |  1336 |       2 |
+----------+-------+---------+
5 rows in set (0.00 sec)

MariaDB [projectwater]>